             Mean
Data.1       2.74
Data.2       2.35

SPDE Simulation using gstlearn (with Matrix) -> GM
--------------------------------------------------
                  Mean
GM.Data.1.1       1.63
GM.Data.1.2       1.48
GM.Data.2.1      -0.63
GM.Data.2.2      -0.03

SPDE Simulation using gstlearn (Matrix-Free) -> GF
--------------------------------------------------
                  Mean
GF.Data.1.1       2.18
GF.Data.1.2       0.87
GF.Data.2.1      -0.98
GF.Data.2.2       0.02

SPDE Simulation performed by Hand -> HF
---------------------------------------
                  Mean
HF.Data.1.1      -0.70
HF.Data.2.1       1.28
HF.Data.1.2       1.85
HF.Data.2.2      -1.16
