#NO_DIFF# Establishing S: 59 ms. (Ref = 150 ms.)
#NO_DIFF# Kriging.NoChol1: 1622 ms. (Ref = 400 ms.)
#NO_DIFF# Simu.NC.NoChol1: 571 ms. (Ref = 1350 ms.)
#NO_DIFF# Simu.CD.NoChol1: 1442 ms. (Ref = 3130 ms.)
#NO_DIFF# Kriging.Chol1: 31111 ms. (Ref = 400 ms.)
#NO_DIFF# Simu.NC.Chol1: 239 ms. (Ref = 1350 ms.)
#NO_DIFF# Simu.CD.Chol1: 394 ms. (Ref = 3130 ms.)
#NO_DIFF# Establishing S: 56 ms. (Ref = 150 ms.)
#NO_DIFF# Establishing S: 56 ms. (Ref = 150 ms.)
#NO_DIFF# Kriging.NoChol2: 2451 ms. (Ref = 400 ms.)
#NO_DIFF# Simu.NC.NoChol2: 1021 ms. (Ref = 1350 ms.)
#NO_DIFF# Simu.CD.NoChol2: 2247 ms. (Ref = 3130 ms.)
#NO_DIFF# Kriging.Chol2: 40912 ms. (Ref = 400 ms.)
#NO_DIFF# Simu.NC.Chol2: 364 ms. (Ref = 1350 ms.)
#NO_DIFF# Simu.CD.Chol2: 613 ms. (Ref = 3130 ms.)
                           Minimum    Maximum       Mean   St. Dev.
Kriging.NoChol1.z.estim      -3.24       1.72      -0.28       0.52
Kriging.NoChol1.z.stdev       0.08       1.41       0.73       0.23
Kriging.Chol1.z.estim        -3.23       1.70      -0.28       0.52
Kriging.Chol1.z.stdev         0.09       1.03       0.80       0.19
Kriging.NoChol2.z.estim      -3.27       1.30      -0.34       0.55
Kriging.NoChol2.z.stdev       0.09       2.25       1.00       0.34
Kriging.Chol2.z.estim        -3.27       1.31      -0.34       0.54
Kriging.Chol2.z.stdev         0.13       1.43       1.08       0.26
Simu.NC.NoChol1.1            -3.84       3.77       0.05       1.02
Simu.NC.NoChol1.2            -3.11       2.72      -0.17       0.93
Simu.NC.NoChol1.3            -3.32       3.12      -0.01       0.96
Simu.NC.NoChol1.4            -3.77       2.94      -0.23       0.93
Simu.NC.NoChol1.5            -2.84       3.30       0.11       1.02
Simu.NC.NoChol1.6            -3.59       3.19      -0.06       1.05
Simu.NC.NoChol1.7            -4.11       2.92      -0.01       1.01
Simu.NC.NoChol1.8            -2.74       3.18       0.07       0.91
Simu.NC.NoChol1.9            -3.01       3.72      -0.08       1.05
Simu.NC.NoChol1.10           -3.05       3.63       0.25       1.00
Simu.CD.NoChol1.z.1          -3.49       3.69      -0.28       0.94
Simu.CD.NoChol1.z.2          -3.83       2.70      -0.34       0.92
Simu.CD.NoChol1.z.3          -3.40       2.66      -0.28       1.00
Simu.CD.NoChol1.z.4          -3.45       2.18      -0.22       0.86
Simu.CD.NoChol1.z.5          -3.50       3.14      -0.28       1.02
Simu.CD.NoChol1.z.6          -4.08       2.87      -0.29       1.00
Simu.CD.NoChol1.z.7          -3.40       2.66      -0.23       0.95
Simu.CD.NoChol1.z.8          -3.74       2.83      -0.24       0.92
Simu.CD.NoChol1.z.9          -3.68       3.38      -0.21       1.03
Simu.CD.NoChol1.z.10         -3.60       3.32      -0.33       0.96
Simu.NC.Chol1.1              -3.44       3.36      -0.14       0.93
Simu.NC.Chol1.2              -4.09       2.32      -0.10       0.90
Simu.NC.Chol1.3              -2.61       3.11       0.15       0.91
Simu.NC.Chol1.4              -3.83       3.54       0.05       0.98
Simu.NC.Chol1.5              -2.93       3.78       0.15       0.97
Simu.NC.Chol1.6              -3.48       3.19      -0.21       1.00
Simu.NC.Chol1.7              -3.10       2.65       0.00       0.89
Simu.NC.Chol1.8              -3.45       3.49      -0.09       1.03
Simu.NC.Chol1.9              -2.73       3.07       0.08       0.92
Simu.NC.Chol1.10             -2.81       3.38       0.22       0.91
Simu.CD.Chol1.z.1            -3.78       2.93      -0.24       0.97
Simu.CD.Chol1.z.2            -4.12       2.89      -0.25       0.97
Simu.CD.Chol1.z.3            -3.55       2.53      -0.32       0.91
Simu.CD.Chol1.z.4            -3.61       3.38      -0.18       1.01
Simu.CD.Chol1.z.5            -3.43       3.64      -0.41       1.03
Simu.CD.Chol1.z.6            -3.38       3.97      -0.04       0.99
Simu.CD.Chol1.z.7            -4.40       2.62      -0.48       1.00
Simu.CD.Chol1.z.8            -3.24       2.47      -0.37       0.98
Simu.CD.Chol1.z.9            -4.15       2.54      -0.34       0.92
Simu.CD.Chol1.z.10           -3.81       3.12      -0.47       1.03
Simu.NC.NoChol2.1            -4.83       5.04       0.01       1.18
Simu.NC.NoChol2.2            -4.08       4.75       0.14       1.30
Simu.NC.NoChol2.3            -5.59       3.48      -0.52       1.32
Simu.NC.NoChol2.4            -4.05       5.10      -0.04       1.49
Simu.NC.NoChol2.5            -4.81       3.58      -0.37       1.31
Simu.NC.NoChol2.6            -4.12       4.41       0.27       1.28
Simu.NC.NoChol2.7            -4.06       4.08       0.13       1.34
Simu.NC.NoChol2.8            -4.68       4.77       0.12       1.44
Simu.NC.NoChol2.9            -3.65       4.57       0.34       1.31
Simu.NC.NoChol2.10           -3.60       4.15       0.26       1.30
Simu.CD.NoChol2.z.1          -4.60       4.61      -0.27       1.17
Simu.CD.NoChol2.z.2          -4.11       4.43      -0.51       1.18
Simu.CD.NoChol2.z.3          -4.66       3.86      -0.39       1.19
Simu.CD.NoChol2.z.4          -3.96       4.07      -0.14       1.28
Simu.CD.NoChol2.z.5          -4.22       3.77      -0.10       1.18
Simu.CD.NoChol2.z.6          -4.99       3.26      -0.36       1.22
Simu.CD.NoChol2.z.7          -4.22       6.17      -0.05       1.23
Simu.CD.NoChol2.z.8          -4.18       3.76      -0.40       1.23
Simu.CD.NoChol2.z.9          -4.12       3.82      -0.29       1.22
Simu.CD.NoChol2.z.10         -4.24       3.55      -0.35       1.22
Simu.NC.Chol2.1              -4.07       4.36      -0.06       1.23
Simu.NC.Chol2.2              -6.63       4.86       0.04       1.48
Simu.NC.Chol2.3              -3.66       4.93       0.21       1.38
Simu.NC.Chol2.4              -4.92       3.94      -0.19       1.30
Simu.NC.Chol2.5              -4.81       4.40      -0.13       1.46
Simu.NC.Chol2.6              -4.37       5.40       0.09       1.63
Simu.NC.Chol2.7              -5.78       4.31      -0.08       1.49
Simu.NC.Chol2.8              -4.54       5.29      -0.23       1.27
Simu.NC.Chol2.9              -5.71       4.57      -0.14       1.46
Simu.NC.Chol2.10             -4.38       4.76       0.04       1.41
Simu.CD.Chol2.z.1            -4.54       3.97      -0.27       1.19
Simu.CD.Chol2.z.2            -4.81       4.13      -0.32       1.18
Simu.CD.Chol2.z.3            -4.28       4.69      -0.18       1.16
Simu.CD.Chol2.z.4            -4.08       3.67      -0.33       1.20
Simu.CD.Chol2.z.5            -4.07       3.49      -0.25       1.21
Simu.CD.Chol2.z.6            -4.97       4.72      -0.36       1.25
Simu.CD.Chol2.z.7            -4.26       4.74      -0.17       1.24
Simu.CD.Chol2.z.8            -3.96       3.64      -0.43       1.07
Simu.CD.Chol2.z.9            -4.28       3.72      -0.20       1.17
Simu.CD.Chol2.z.10           -3.96       3.67      -0.35       1.17

