Model used for simulating the Data

Model characteristics
=====================
Space dimension              = 2
Number of variable(s)        = 1
Number of basic structure(s) = 2
Number of drift function(s)  = 0
Number of drift equation(s)  = 0

Covariance Part
---------------
Nugget Effect
- Sill         =      2.000
Spherical
- Sill         =      3.000
- Range        =      0.250
Total Sill     =      5.000
Known Mean(s)     0.000
Initial Model used for Test

Model characteristics
=====================
Space dimension              = 2
Number of variable(s)        = 1
Number of basic structure(s) = 2
Number of drift function(s)  = 0
Number of drift equation(s)  = 0

Covariance Part
---------------
Nugget Effect
- Sill         =      2.000
Spherical
- Sill         =      3.000
- Range        =      0.250
Total Sill     =      5.000
Known Mean(s)     0.000

Sill fitting from Variogram (old version)
=========================================
  Summary of Sill Fitting - Count of Iterations =   22 - Final Cost = 0.070827
  - Covariance 1: Final parameters = 2.658454 
  - Covariance 2: Final parameters = 2.520249 

Model characteristics
=====================
Space dimension              = 2
Number of variable(s)        = 1
Number of basic structure(s) = 2
Number of drift function(s)  = 0
Number of drift equation(s)  = 0

Covariance Part
---------------
Nugget Effect
- Sill         =      2.658
Spherical
- Sill         =      2.520
- Range        =      1.000
Total Sill     =      5.179
Known Mean(s)     0.000
