
Variogram characteristics
=========================
Number of variable(s)       = 1
Number of direction(s)      = 1
Space dimension             = 2
Variable(s)                 = [myvar1]

Variance-Covariance Matrix     0.763

Direction #1
------------
Number of lags              = 10
Direction coefficients      =      1.000     0.000
Direction angles (degrees)  =      0.000
Tolerance on direction      =     90.000 (degrees)
Calculation lag             =      0.020
Tolerance on distance       =     50.000 (Percent of the lag value)

For variable 1
      Rank    Npairs  Distance     Value
         2     2.000     0.043     2.028
         3     1.000     0.052     0.060
         4     3.000     0.084     0.532
         5     4.000     0.101     0.694
         6     3.000     0.119     0.591
         7     4.000     0.133     1.158
         8     5.000     0.158     0.158
         9     2.000     0.179     0.912

Variogram characteristics
=========================
Number of variable(s)       = 1
Number of direction(s)      = 1
Space dimension             = 2
Variable(s)                 = [myvar1]

Variance-Covariance Matrix     0.763

Direction #1
------------
Number of lags              = 10
Direction coefficients      =      1.000     0.000
Direction angles (degrees)  =      0.000
Tolerance on direction      =     90.000 (degrees)
Calculation lag             =      0.020
Tolerance on distance       =     50.000 (Percent of the lag value)

For variable 1
      Rank    Npairs  Distance     Value
         2     2.000     0.043     2.028
         3     1.000     0.052     0.060
         4     3.000     0.084     0.532
         5     4.000     0.101     0.694
         6     3.000     0.119     0.591
         7     4.000     0.133     1.158
         8     5.000     0.158     0.158
         9     2.000     0.179     0.912
