
Data Base Grid Characteristics
==============================

Data Base Statistics
--------------------
4 - Name Kriging.Data.estim - Locator NA
 Nb of data          =      10201
 Nb of active values =      10201
 Minimum value       =     -2.419
 Maximum value       =      2.415
 Mean value          =     -0.227
 Standard Deviation  =      0.653
 Variance            =      0.426
5 - Name KrigingSPDE.Data.estim - Locator z1
 Nb of data          =      10201
 Nb of active values =      10201
 Minimum value       =     -2.390
 Maximum value       =      2.354
 Mean value          =     -0.225
 Standard Deviation  =      0.679
 Variance            =      0.460
Test performed successfully
