
Example in 1-D
==============

LHS of Kriging matrix (compressed)
==================================
Total number of equations   = 3
Reduced number of equations = 3

       Rank                     1          2          3
          1          1     -0.005      0.016      0.003
          2          2      0.016      1.996      0.498
          3          3      0.003      0.498      0.442
[LHS]-1
                  [,1]       [,2]       [,3]
       [1,]   -195.044      1.662     -0.468
       [2,]      1.662      0.682     -0.780
       [3,]     -0.468     -0.780      3.142

[Z]
                  [,1]
       [1,]      1.000
       [2,]      0.000
       [3,]      0.000

[Z] *%* [LHS]-1
                  [,1]
       [1,]   -195.044
       [2,]      1.662
       [3,]     -0.468

Target location6
----------------
Sample #2 (from 101)
Coordinate #1 = 1.000000

RHS of Kriging matrix (compressed)
==================================
Total number of equations   = 3
Reduced number of equations = 3
Number of right-hand sides  = 2
Punctual Estimation

       Rank          1          2
          1     -0.005      0.005
          2     -0.122      0.018
          3     -0.020      0.004
Results
                  [,1]
       [1,]      0.779
       [2,]     -0.940

Centered estimation = -0.838523
