Model used for simulating the Data

Model characteristics
=====================
Space dimension              = 2
Number of variable(s)        = 1
Number of basic structure(s) = 2
Number of drift function(s)  = 0
Number of drift equation(s)  = 0

Covariance Part
---------------
Nugget Effect
- Sill         =      2.000
Spherical
- Sill         =      3.000
- Range        =      0.250
Total Sill     =      5.000
Known Mean(s)     0.000
Initial Model used for Test

Model characteristics
=====================
Space dimension              = 2
Number of variable(s)        = 1
Number of basic structure(s) = 2
Number of drift function(s)  = 0
Number of drift equation(s)  = 0

Covariance Part
---------------
Nugget Effect
- Sill         =      2.000
Spherical
- Sill         =      3.000
- Range        =      0.250
Total Sill     =      5.000
Known Mean(s)     0.000

Sill Fitting from Variogram Map (new version)
=============================================

List of Parameters:
-------------------
1 - Scale in Dimension 1
    Value: 0.707107
    Absolute Bounds: 0 inf 
    User Bounds: 0.000707107 inf 
2 - Scale in Dimension 2
    Value: 0.707107
    Absolute Bounds: 0 inf 
    User Bounds: 0.000707107 inf 
3 - Angle in Dimension 1
    Value: 0.000000
    Absolute Bounds: -inf inf 
    User Bounds: -inf inf 
Summary of Optimization procedure:
Count of Iterations =    1 - Final Cost = 7572.553701
- Final parameters:     0.707     0.707     0.000
  Summary of Sill Fitting - Count of Iterations =    1 - Final Cost = 677821.438063

Model characteristics
=====================
Space dimension              = 2
Number of variable(s)        = 1
Number of basic structure(s) = 2
Number of drift function(s)  = 0
Number of drift equation(s)  = 0

Covariance Part
---------------
Nugget Effect
- Sill         =      2.000
Spherical
- Sill         =      3.000
- Range        =      0.707
Total Sill     =      5.000
Known Mean(s)     0.000
