
Data Base Grid Characteristics
==============================

Data Base Summary
-----------------
File is organized as a regular grid
Space dimension              = 2
Number of Columns            = 13
Total number of samples      = 120000

Grid characteristics:
---------------------
Origin :      0.000     0.000
Mesh   :      1.000     1.000
Number :        400       300

Data Base Extension
-------------------
Coor #1 - Min =      0.000 - Max =    399.000 - Ext = 399
Coor #2 - Min =      0.000 - Max =    299.000 - Ext = 299

Data Base Statistics
--------------------
1 - Name rank - Locator NA
 Nb of data          =     120000
 Nb of active values =     120000
 Minimum value       =      1.000
 Maximum value       = 120000.000
 Mean value          =  60000.500
 Standard Deviation  =  34641.016
 Variance            = 1199999999.917
2 - Name x1 - Locator x1
 Nb of data          =     120000
 Nb of active values =     120000
 Minimum value       =      0.000
 Maximum value       =    399.000
 Mean value          =    199.500
 Standard Deviation  =    115.470
 Variance            =  13333.250
3 - Name x2 - Locator x2
 Nb of data          =     120000
 Nb of active values =     120000
 Minimum value       =      0.000
 Maximum value       =    299.000
 Mean value          =    149.500
 Standard Deviation  =     86.602
 Variance            =   7499.917
4 - Name SimuSPDE.1 - Locator z1
 Nb of data          =     120000
 Nb of active values =     120000
 Minimum value       =     -3.743
 Maximum value       =      2.864
 Mean value          =      0.006
 Standard Deviation  =      0.946
 Variance            =      0.895
5 - Name SimuSPDE.2 - Locator z2
 Nb of data          =     120000
 Nb of active values =     120000
 Minimum value       =     -3.758
 Maximum value       =      3.435
 Mean value          =     -0.229
 Standard Deviation  =      0.955
 Variance            =      0.911
6 - Name SimuSPDE.3 - Locator z3
 Nb of data          =     120000
 Nb of active values =     120000
 Minimum value       =     -3.148
 Maximum value       =      2.977
 Mean value          =      0.015
 Standard Deviation  =      0.917
 Variance            =      0.842
7 - Name SimuSPDE.4 - Locator z4
 Nb of data          =     120000
 Nb of active values =     120000
 Minimum value       =     -3.073
 Maximum value       =      1.992
 Mean value          =     -0.438
 Standard Deviation  =      0.792
 Variance            =      0.627
8 - Name SimuSPDE.5 - Locator z5
 Nb of data          =     120000
 Nb of active values =     120000
 Minimum value       =     -3.640
 Maximum value       =      3.084
 Mean value          =     -0.212
 Standard Deviation  =      0.960
 Variance            =      0.922
9 - Name SimuSPDE.6 - Locator z6
 Nb of data          =     120000
 Nb of active values =     120000
 Minimum value       =     -3.644
 Maximum value       =      3.350
 Mean value          =      0.307
 Standard Deviation  =      1.227
 Variance            =      1.506
10 - Name SimuSPDE.7 - Locator z7
 Nb of data          =     120000
 Nb of active values =     120000
 Minimum value       =     -3.316
 Maximum value       =      4.636
 Mean value          =      0.114
 Standard Deviation  =      0.965
 Variance            =      0.930
11 - Name SimuSPDE.8 - Locator z8
 Nb of data          =     120000
 Nb of active values =     120000
 Minimum value       =     -3.532
 Maximum value       =      4.088
 Mean value          =      0.323
 Standard Deviation  =      1.208
 Variance            =      1.460
12 - Name SimuSPDE.9 - Locator z9
 Nb of data          =     120000
 Nb of active values =     120000
 Minimum value       =     -3.276
 Maximum value       =      3.447
 Mean value          =     -0.108
 Standard Deviation  =      0.902
 Variance            =      0.814
13 - Name SimuSPDE.10 - Locator z10
 Nb of data          =     120000
 Nb of active values =     120000
 Minimum value       =     -3.920
 Maximum value       =      2.997
 Mean value          =     -0.233
 Standard Deviation  =      1.102
 Variance            =      1.214

Data Base Contents
------------------
                   rank          x1          x2  SimuSPDE.1  SimuSPDE.2  SimuSPDE.3  SimuSPDE.4
     [  0,]       1.000       0.000       0.000      -1.247      -0.090       0.007       0.944
     [  1,]       2.000       1.000       0.000      -1.287      -0.155       0.158       0.917
     [  2,]       3.000       2.000       0.000      -1.326      -0.220       0.309       0.890
     [  3,]       4.000       3.000       0.000      -1.365      -0.285       0.461       0.863
     [  4,]       5.000       4.000       0.000      -1.405      -0.350       0.612       0.836
     [  5,]       6.000       5.000       0.000      -1.444      -0.415       0.763       0.809
     [  6,]       7.000       6.000       0.000      -1.483      -0.480       0.914       0.782
(Ncols=7[from 13],Nrows=7[from 120000])

Variables
---------
Column = 0 - Name = rank - Locator = NA
Column = 1 - Name = x1 - Locator = x1
Column = 2 - Name = x2 - Locator = x2
Column = 3 - Name = SimuSPDE.1 - Locator = z1
Column = 4 - Name = SimuSPDE.2 - Locator = z2
Column = 5 - Name = SimuSPDE.3 - Locator = z3
Column = 6 - Name = SimuSPDE.4 - Locator = z4
Column = 7 - Name = SimuSPDE.5 - Locator = z5
Column = 8 - Name = SimuSPDE.6 - Locator = z6
Column = 9 - Name = SimuSPDE.7 - Locator = z7
Column = 10 - Name = SimuSPDE.8 - Locator = z8
Column = 11 - Name = SimuSPDE.9 - Locator = z9
Column = 12 - Name = SimuSPDE.10 - Locator = z10
