
Data Base Grid Characteristics
==============================

Data Base Summary
-----------------
File is organized as a regular grid
Space dimension              = 2
Number of Columns            = 13
Total number of samples      = 120000

Grid characteristics:
---------------------
Origin :      0.000     0.000
Mesh   :      1.000     1.000
Number :        400       300

Data Base Extension
-------------------
Coor #1 - Min =      0.000 - Max =    399.000 - Ext = 399
Coor #2 - Min =      0.000 - Max =    299.000 - Ext = 299

Data Base Statistics
--------------------
1 - Name rank - Locator NA
 Nb of data          =     120000
 Nb of active values =     120000
 Minimum value       =      1.000
 Maximum value       = 120000.000
 Mean value          =  60000.500
 Standard Deviation  =  34641.016
 Variance            = 1199999999.917
2 - Name x1 - Locator x1
 Nb of data          =     120000
 Nb of active values =     120000
 Minimum value       =      0.000
 Maximum value       =    399.000
 Mean value          =    199.500
 Standard Deviation  =    115.470
 Variance            =  13333.250
3 - Name x2 - Locator x2
 Nb of data          =     120000
 Nb of active values =     120000
 Minimum value       =      0.000
 Maximum value       =    299.000
 Mean value          =    149.500
 Standard Deviation  =     86.602
 Variance            =   7499.917
4 - Name SimuSPDE.1 - Locator z1
 Nb of data          =     120000
 Nb of active values =     120000
 Minimum value       =     -3.347
 Maximum value       =      3.070
 Mean value          =     -0.332
 Standard Deviation  =      0.858
 Variance            =      0.737
5 - Name SimuSPDE.2 - Locator z2
 Nb of data          =     120000
 Nb of active values =     120000
 Minimum value       =     -3.567
 Maximum value       =      3.269
 Mean value          =      0.148
 Standard Deviation  =      1.067
 Variance            =      1.139
6 - Name SimuSPDE.3 - Locator z3
 Nb of data          =     120000
 Nb of active values =     120000
 Minimum value       =     -3.735
 Maximum value       =      2.775
 Mean value          =     -0.097
 Standard Deviation  =      1.043
 Variance            =      1.087
7 - Name SimuSPDE.4 - Locator z4
 Nb of data          =     120000
 Nb of active values =     120000
 Minimum value       =     -2.629
 Maximum value       =      3.288
 Mean value          =      0.410
 Standard Deviation  =      0.963
 Variance            =      0.928
8 - Name SimuSPDE.5 - Locator z5
 Nb of data          =     120000
 Nb of active values =     120000
 Minimum value       =     -4.301
 Maximum value       =      3.287
 Mean value          =      0.025
 Standard Deviation  =      1.204
 Variance            =      1.449
9 - Name SimuSPDE.6 - Locator z6
 Nb of data          =     120000
 Nb of active values =     120000
 Minimum value       =     -3.370
 Maximum value       =      2.757
 Mean value          =     -0.461
 Standard Deviation  =      0.942
 Variance            =      0.887
10 - Name SimuSPDE.7 - Locator z7
 Nb of data          =     120000
 Nb of active values =     120000
 Minimum value       =     -3.224
 Maximum value       =      2.873
 Mean value          =     -0.095
 Standard Deviation  =      0.961
 Variance            =      0.923
11 - Name SimuSPDE.8 - Locator z8
 Nb of data          =     120000
 Nb of active values =     120000
 Minimum value       =     -4.070
 Maximum value       =      3.119
 Mean value          =     -0.171
 Standard Deviation  =      1.226
 Variance            =      1.503
12 - Name SimuSPDE.9 - Locator z9
 Nb of data          =     120000
 Nb of active values =     120000
 Minimum value       =     -3.821
 Maximum value       =      2.711
 Mean value          =     -0.033
 Standard Deviation  =      0.874
 Variance            =      0.764
13 - Name SimuSPDE.10 - Locator z10
 Nb of data          =     120000
 Nb of active values =     120000
 Minimum value       =     -3.685
 Maximum value       =      2.451
 Mean value          =     -0.202
 Standard Deviation  =      0.944
 Variance            =      0.891

Data Base Contents
------------------
                   rank          x1          x2  SimuSPDE.1  SimuSPDE.2  SimuSPDE.3  SimuSPDE.4
     [  0,]       1.000       0.000       0.000      -1.676       0.982      -1.206       0.597
     [  1,]       2.000       1.000       0.000      -1.454       0.981      -1.142       0.586
     [  2,]       3.000       2.000       0.000      -1.231       0.980      -1.079       0.576
     [  3,]       4.000       3.000       0.000      -1.009       0.978      -1.015       0.565
     [  4,]       5.000       4.000       0.000      -0.786       0.977      -0.951       0.555
     [  5,]       6.000       5.000       0.000      -0.633       0.981      -0.922       0.587
     [  6,]       7.000       6.000       0.000      -0.532       0.988      -0.919       0.652
(Ncols=7[from 13],Nrows=7[from 120000])

Variables
---------
Column = 0 - Name = rank - Locator = NA
Column = 1 - Name = x1 - Locator = x1
Column = 2 - Name = x2 - Locator = x2
Column = 3 - Name = SimuSPDE.1 - Locator = z1
Column = 4 - Name = SimuSPDE.2 - Locator = z2
Column = 5 - Name = SimuSPDE.3 - Locator = z3
Column = 6 - Name = SimuSPDE.4 - Locator = z4
Column = 7 - Name = SimuSPDE.5 - Locator = z5
Column = 8 - Name = SimuSPDE.6 - Locator = z6
Column = 9 - Name = SimuSPDE.7 - Locator = z7
Column = 10 - Name = SimuSPDE.8 - Locator = z8
Column = 11 - Name = SimuSPDE.9 - Locator = z9
Column = 12 - Name = SimuSPDE.10 - Locator = z10
