
Data Base Grid Characteristics
==============================

Data Base Statistics
--------------------
4 - Name Simu - Locator z1
 Nb of data          =      10201
 Nb of active values =      10201
 Minimum value       =     -3.124
 Maximum value       =      3.604
 Mean value          =     -0.040
 Standard Deviation  =      1.213
 Variance            =      1.472
Test performed successfully
