Model used for simulating the Data

Model characteristics
=====================
Space dimension              = 2
Number of variable(s)        = 1
Number of basic structure(s) = 2
Number of drift function(s)  = 0
Number of drift equation(s)  = 0

Covariance Part
---------------
Nugget Effect
- Sill         =      2.000
Spherical
- Sill         =      3.000
- Range        =      0.250
Total Sill     =      5.000
Known Mean(s)     0.000
Initial Model used for Test

Model characteristics
=====================
Space dimension              = 2
Number of variable(s)        = 1
Number of basic structure(s) = 2
Number of drift function(s)  = 0
Number of drift equation(s)  = 0

Covariance Part
---------------
Nugget Effect
- Sill         =      2.000
Spherical
- Sill         =      3.000
- Range        =      0.250
Total Sill     =      5.000
Known Mean(s)     0.000

Sill Fitting from Variogram Map (new version)
=============================================

List of Parameters:
-------------------
1 - Scale in Dimension 1
    Value: 0.707107
    Absolute Bounds: 0 inf 
    User Bounds: 0.0353553 inf 
2 - Scale in Dimension 2
    Value: 0.707107
    Absolute Bounds: 0 inf 
    User Bounds: 0.0353553 inf 
3 - Angle in Dimension 1
    Value: 0.000000
    Absolute Bounds: -inf inf 
    User Bounds: -inf inf 
Summary of Optimization procedure:
Count of Iterations =  247 - Final Cost = 3901.009434
- Final parameters:     0.222     0.259     7.608
  Summary of Sill Fitting - Count of Iterations = 3066 - Final Cost = 3901.009434
  - Covariance 1: Final parameters = 1.969373 
  - Covariance 2: Final parameters = 2.757649 

Model characteristics
=====================
Space dimension              = 2
Number of variable(s)        = 1
Number of basic structure(s) = 2
Number of drift function(s)  = 0
Number of drift equation(s)  = 0

Covariance Part
---------------
Nugget Effect
- Sill         =      1.969
Spherical
- Sill         =      2.758
- Ranges       =      0.222     0.259
- Angles       =      7.608     0.000
- Rotation Matrix
               [,  0]    [,  1]
     [  0,]     0.991    -0.132
     [  1,]     0.132     0.991
Total Sill     =      4.727
Known Mean(s)     0.000
